\BOOKMARK [1][-]{Doc-Start}{\376\377\000R\000e\000m\000e\000r\000c\000i\000e\000m\000e\000n\000t\000s}{}% 1
\BOOKMARK [1][-]{section.1}{\376\377\000I\000n\000t\000r\000o\000d\000u\000c\000t\000i\000o\000n\000\040\000e\000t\000\040\000C\000o\000n\000t\000e\000x\000t\000e}{}% 2
\BOOKMARK [2][-]{subsection.1.1}{\376\377\000C\000o\000n\000t\000e\000x\000t\000e\000\040\000d\000u\000\040\000p\000r\000o\000j\000e\000t}{section.1}% 3
\BOOKMARK [2][-]{subsection.1.2}{\376\377\000J\000e\000u\000x\000\040\000d\000e\000\040\000d\000o\000n\000n\000\351\000e\000s\000\040\000u\000t\000i\000l\000i\000s\000\351\000s}{section.1}% 4
\BOOKMARK [2][-]{subsection.1.3}{\376\377\000L\000e\000s\000\040\0001\0008\000\040\000p\000o\000i\000n\000t\000s\000\040\000c\000l\000\351\000s\000\040\000a\000n\000a\000t\000o\000m\000i\000q\000u\000e\000s}{section.1}% 5
\BOOKMARK [1][-]{section.2}{\376\377\000A\000r\000c\000h\000i\000t\000e\000c\000t\000u\000r\000e\000\040\000G\000l\000o\000b\000a\000l\000e\000\040\000d\000u\000\040\000M\000o\000d\000\350\000l\000e}{}% 6
\BOOKMARK [2][-]{subsection.2.1}{\376\377\000V\000u\000e\000\040\000d\000'\000e\000n\000s\000e\000m\000b\000l\000e}{section.2}% 7
\BOOKMARK [2][-]{subsection.2.2}{\376\377\000F\0001\000\040\040\024\000\040\000M\000o\000d\000u\000l\000e\000\040\000P\000h\000i\000\040\000:\000\040\000I\000m\000a\000g\000e\000T\000o\000S\000k\000e\000l\000e\000t\000o\000n\000\040\000\050\000U\000-\000N\000e\000t\000\051}{section.2}% 8
\BOOKMARK [2][-]{subsection.2.3}{\376\377\000F\0002\000\040\040\024\000\040\000M\000o\000d\000u\000l\000e\000\040\000O\000m\000e\000g\000a\000\040\000:\000\040\000S\000k\000e\000l\000e\000t\000o\000n\000T\000o\000P\000o\000s\000e\0002\000D}{section.2}% 9
\BOOKMARK [2][-]{subsection.2.4}{\376\377\000F\0003\000\040\040\024\000\040\000M\000o\000d\000u\000l\000e\000\040\000L\000a\000m\000b\000d\000a\000\040\000:\000\040\000L\000i\000f\000t\000i\000n\000g\0002\000D\000t\000o\0003\000D}{section.2}% 10
\BOOKMARK [2][-]{subsection.2.5}{\376\377\000F\0004\000\040\040\024\000\040\000B\000o\000u\000c\000l\000e\000\040\000d\000e\000\040\000C\000o\000h\000\351\000r\000e\000n\000c\000e\000\040\000G\000\351\000o\000m\000\351\000t\000r\000i\000q\000u\000e}{section.2}% 11
\BOOKMARK [2][-]{subsection.2.6}{\376\377\000F\0005\000\040\040\024\000\040\000D\000i\000s\000c\000r\000i\000m\000i\000n\000a\000t\000e\000u\000r\000\040\000D}{section.2}% 12
\BOOKMARK [1][-]{section.3}{\376\377\000F\000o\000n\000c\000t\000i\000o\000n\000\040\000d\000e\000\040\000R\000e\000n\000d\000u\000\040\000D\000i\000f\000f\000\351\000r\000e\000n\000t\000i\000a\000b\000l\000e\000\040}{}% 13
\BOOKMARK [1][-]{section.4}{\376\377\000F\000o\000n\000c\000t\000i\000o\000n\000s\000\040\000d\000e\000\040\000P\000e\000r\000t\000e}{}% 14
\BOOKMARK [2][-]{subsection.4.1}{\376\377\000P\000e\000r\000t\000e\000\040\000a\000d\000v\000e\000r\000s\000a\000r\000i\000a\000l\000e\000\040\000L\000D\000\040\000e\000t\000\040\000L\000G}{section.4}% 15
\BOOKMARK [2][-]{subsection.4.2}{\376\377\000P\000e\000r\000t\000e\000\040\000d\000e\000\040\000c\000o\000h\000\351\000r\000e\000n\000c\000e\000\040\000g\000\351\000o\000m\000\351\000t\000r\000i\000q\000u\000e\000\040\000L\000G\000C}{section.4}% 16
\BOOKMARK [2][-]{subsection.4.3}{\376\377\000P\000e\000r\000t\000e\000\040\000O\000m\000e\000g\000a\000\040\000L}{section.4}% 17
\BOOKMARK [2][-]{subsection.4.4}{\376\377\000P\000e\000r\000t\000e\000\040\000d\000e\000\040\000d\000i\000v\000e\000r\000s\000i\000t\000\351\000\040\000L\000d\000i\000v}{section.4}% 18
\BOOKMARK [2][-]{subsection.4.5}{\376\377\000P\000e\000r\000t\000e\000s\000\040\000a\000u\000x\000i\000l\000i\000a\000i\000r\000e\000s}{section.4}% 19
\BOOKMARK [2][-]{subsection.4.6}{\376\377\000P\000e\000r\000t\000e\000\040\000t\000o\000t\000a\000l\000e}{section.4}% 20
\BOOKMARK [1][-]{section.5}{\376\377\000S\000t\000r\000a\000t\000\351\000g\000i\000e\000\040\000d\000'\000E\000n\000t\000r\000a\000\356\000n\000e\000m\000e\000n\000t}{}% 21
\BOOKMARK [2][-]{subsection.5.1}{\376\377\000P\000i\000p\000e\000l\000i\000n\000e\000\040\000d\000'\000e\000n\000t\000r\000a\000\356\000n\000e\000m\000e\000n\000t}{section.5}% 22
\BOOKMARK [2][-]{subsection.5.2}{\376\377\000P\000r\000\351\000-\000e\000n\000t\000r\000a\000\356\000n\000e\000m\000e\000n\000t\000\040\000d\000'\000O\000m\000e\000g\000a}{section.5}% 23
\BOOKMARK [2][-]{subsection.5.3}{\376\377\000H\000i\000s\000t\000o\000r\000i\000q\000u\000e\000\040\000d\000e\000s\000\040\000r\000u\000n\000s\000\040\000d\000'\000e\000n\000t\000r\000a\000\356\000n\000e\000m\000e\000n\000t}{section.5}% 24
\BOOKMARK [1][-]{section.6}{\376\377\000\311\000v\000a\000l\000u\000a\000t\000i\000o\000n\000\040\000e\000t\000\040\000M\000\351\000t\000r\000i\000q\000u\000e\000s}{}% 25
\BOOKMARK [2][-]{subsection.6.1}{\376\377\000M\000\351\000t\000r\000i\000q\000u\000e\000s\000\040\000u\000t\000i\000l\000i\000s\000\351\000e\000s}{section.6}% 26
\BOOKMARK [2][-]{subsection.6.2}{\376\377\000R\000\351\000s\000u\000l\000t\000a\000t\000s\000\040\000q\000u\000a\000n\000t\000i\000t\000a\000t\000i\000f\000s}{section.6}% 27
\BOOKMARK [2][-]{subsection.6.3}{\376\377\000A\000n\000a\000l\000y\000s\000e\000\040\000d\000e\000s\000\040\000r\000\351\000s\000u\000l\000t\000a\000t\000s}{section.6}% 28
\BOOKMARK [1][-]{section.7}{\376\377\000P\000o\000s\000t\000-\000T\000r\000a\000i\000t\000e\000m\000e\000n\000t\000\040\000:\000\040\000A\000l\000i\000g\000n\000e\000m\000e\000n\000t\000\040\000p\000a\000r\000\040\000B\000o\000\356\000t\000e\000\040\000E\000n\000g\000l\000o\000b\000a\000n\000t\000e}{}% 29
\BOOKMARK [2][-]{subsection.7.1}{\376\377\000M\000o\000t\000i\000v\000a\000t\000i\000o\000n}{section.7}% 30
\BOOKMARK [2][-]{subsection.7.2}{\376\377\000A\000l\000g\000o\000r\000i\000t\000h\000m\000e\000\040\000d\000'\000a\000l\000i\000g\000n\000e\000m\000e\000n\000t}{section.7}% 31
\BOOKMARK [1][-]{section.8}{\376\377\000R\000\351\000s\000u\000l\000t\000a\000t\000s\000\040\000V\000i\000s\000u\000e\000l\000s}{}% 32
\BOOKMARK [2][-]{subsection.8.1}{\376\377\000I\000n\000s\000p\000e\000c\000t\000i\000o\000n\000\040\000d\000e\000s\000\040\000s\000q\000u\000e\000l\000e\000t\000t\000e\000s\000\040\000p\000r\000\351\000d\000i\000t\000s}{section.8}% 33
\BOOKMARK [2][-]{subsection.8.2}{\376\377\000\311\000v\000a\000l\000u\000a\000t\000i\000o\000n\000\040\000P\000C\000K\000\040\040\024\000\040\000H\000e\000a\000t\000m\000a\000p\000\040\000v\000s\000\040\000M\000a\000s\000q\000u\000e\000\040\000s\000i\000l\000h\000o\000u\000e\000t\000t\000e}{section.8}% 34
\BOOKMARK [2][-]{subsection.8.3}{\376\377\000N\000o\000r\000m\000a\000l\000i\000s\000a\000t\000i\000o\000n\000\040\000d\000e\000s\000\040\000p\000o\000s\000e\000s\000\040\000d\000u\000\040\000p\000r\000i\000o\000r\000\040\000s\000y\000n\000t\000h\000\351\000t\000i\000q\000u\000e}{section.8}% 35
\BOOKMARK [1][-]{section.9}{\376\377\000D\000i\000s\000c\000u\000s\000s\000i\000o\000n}{}% 36
\BOOKMARK [2][-]{subsection.9.1}{\376\377\000C\000e\000\040\000q\000u\000i\000\040\000f\000o\000n\000c\000t\000i\000o\000n\000n\000e\000\040\000b\000i\000e\000n}{section.9}% 37
\BOOKMARK [2][-]{subsection.9.2}{\376\377\000L\000i\000m\000i\000t\000a\000t\000i\000o\000n\000s\000\040\000e\000t\000\040\000d\000\351\000f\000i\000s\000\040\000r\000e\000n\000c\000o\000n\000t\000r\000\351\000s}{section.9}% 38
\BOOKMARK [2][-]{subsection.9.3}{\376\377\000C\000o\000m\000p\000a\000r\000a\000i\000s\000o\000n\000\040\000a\000v\000e\000c\000\040\000l\000'\000\351\000t\000a\000t\000\040\000d\000e\000\040\000l\000'\000a\000r\000t}{section.9}% 39
\BOOKMARK [1][-]{section.10}{\376\377\000C\000o\000n\000c\000l\000u\000s\000i\000o\000n\000\040\000e\000t\000\040\000P\000e\000r\000s\000p\000e\000c\000t\000i\000v\000e\000s}{}% 40
\BOOKMARK [2][-]{subsection.10.1}{\376\377\000B\000i\000l\000a\000n}{section.10}% 41
\BOOKMARK [2][-]{subsection.10.2}{\376\377\000P\000e\000r\000s\000p\000e\000c\000t\000i\000v\000e\000s\000\040\000d\000'\000a\000m\000\351\000l\000i\000o\000r\000a\000t\000i\000o\000n}{section.10}% 42
\BOOKMARK [1][-]{section.11}{\376\377\000S\000t\000r\000u\000c\000t\000u\000r\000e\000\040\000d\000u\000\040\000P\000r\000o\000j\000e\000t}{}% 43
\BOOKMARK [1][-]{section*.25}{\376\377\000A\000n\000n\000e\000x\000e\000s}{}% 44
